{
    "count": 0,
    "took": 96,
    "content_types": [
        {
            "type": "article",
            "count": 1
        },
        {
            "type": "product_page",
            "count": 1
        }
    ],
    "items": [],
    "suggestions": [
        "home",
        "tent"
    ],
    "additional_suggestions": [
        "test",
        "query",
        "\"with quote marks\""
    ]
}